{"mode": "applied", "file_path": "/private/var/folders/yj/7kyhyl8s3ql8bb1vjwkh_8pr0000gp/T/dbt_autofix_test_project_semantic_layer_tcwupu_b/project_semantic_layer/models/products.yml", "refactors": [{"deprecation": null, "log": "Model 'products' - Merged with semantic model 'products'.\n\t* Set model 'description' to semantic model 'description'.\n\t* Added new column 'product_id' with 'primary' entity.\n\t* Added new column 'product_name' with 'categorical' dimension.\n\t* Added new column 'product_type' with 'categorical' dimension.\n\t* Added new column 'product_description' with 'categorical' dimension.\n\t* Added new column 'is_food_item' with 'categorical' dimension.\n\t* Added new column 'is_drink_item' with 'categorical' dimension.\n\t* Added new column 'product_price' with 'categorical' dimension."}, {"deprecation": null, "log": "Deleted top-level 'semantic_models' definitions: 'products'."}]}
{"mode": "applied", "file_path": "/private/var/folders/yj/7kyhyl8s3ql8bb1vjwkh_8pr0000gp/T/dbt_autofix_test_project_semantic_layer_tcwupu_b/project_semantic_layer/models/products.yml", "refactors": [{"deprecation": null, "log": "Model 'products' - Merged with semantic model 'products'.\n\t* Set model 'description' to semantic model 'description'.\n\t* Added new column 'product_id' with 'primary' entity.\n\t* Added new column 'product_name' with 'categorical' dimension.\n\t* Added new column 'product_type' with 'categorical' dimension.\n\t* Added new column 'product_description' with 'categorical' dimension.\n\t* Added new column 'is_food_item' with 'categorical' dimension.\n\t* Added new column 'is_drink_item' with 'categorical' dimension.\n\t* Added new column 'product_price' with 'categorical' dimension."}, {"deprecation": null, "log": "Deleted top-level 'semantic_models' definitions: 'products'."}]}
{"mode": "applied", "file_path": "/private/var/folders/yj/7kyhyl8s3ql8bb1vjwkh_8pr0000gp/T/dbt_autofix_test_project_semantic_layer_tcwupu_b/project_semantic_layer/models/supplies.yml", "refactors": [{"deprecation": null, "log": "Model 'supplies' - Merged with semantic model 'supplies'.\n\t* Set model 'description' to semantic model 'description'.\n\t* Added new column 'supply_uuid' with 'primary' entity.\n\t* Added new column 'supply_id' with 'categorical' dimension.\n\t* Added new column 'product_id' with 'categorical' dimension.\n\t* Added new column 'supply_name' with 'categorical' dimension.\n\t* Added new column 'supply_cost' with 'categorical' dimension.\n\t* Added new column 'is_perishable_supply' with 'categorical' dimension."}, {"deprecation": null, "log": "Deleted top-level 'semantic_models' definitions: 'supplies'."}]}
{"mode": "applied", "file_path": "/private/var/folders/yj/7kyhyl8s3ql8bb1vjwkh_8pr0000gp/T/dbt_autofix_test_project_semantic_layer_tcwupu_b/project_semantic_layer/models/supplies.yml", "refactors": [{"deprecation": null, "log": "Model 'supplies' - Merged with semantic model 'supplies'.\n\t* Set model 'description' to semantic model 'description'.\n\t* Added new column 'supply_uuid' with 'primary' entity.\n\t* Added new column 'supply_id' with 'categorical' dimension.\n\t* Added new column 'product_id' with 'categorical' dimension.\n\t* Added new column 'supply_name' with 'categorical' dimension.\n\t* Added new column 'supply_cost' with 'categorical' dimension.\n\t* Added new column 'is_perishable_supply' with 'categorical' dimension."}, {"deprecation": null, "log": "Deleted top-level 'semantic_models' definitions: 'supplies'."}]}
{"mode": "applied", "file_path": "/private/var/folders/yj/7kyhyl8s3ql8bb1vjwkh_8pr0000gp/T/dbt_autofix_test_project_semantic_layer_tcwupu_b/project_semantic_layer/models/locations_model.yml", "refactors": [{"deprecation": null, "log": "Model 'locations' - Merged with semantic model 'locations'.\n\t* Set model 'description' to semantic model 'description'.\n\t* Set model 'agg_time_dimension' to semantic model 'agg_time_dimension'.\n\t* Added new column 'location_id' with 'primary' entity.\n\t* Added new column 'location_name' with 'categorical' dimension.\n\t* Added new column 'opened_at' with 'time' dimension.\n\t* Added new simple metric 'average_tax_rate' from measure 'average_tax_rate' on semantic model 'locations'."}]}
{"mode": "applied", "file_path": "/private/var/folders/yj/7kyhyl8s3ql8bb1vjwkh_8pr0000gp/T/dbt_autofix_test_project_semantic_layer_tcwupu_b/project_semantic_layer/models/locations_model.yml", "refactors": [{"deprecation": null, "log": "Model 'locations' - Merged with semantic model 'locations'.\n\t* Set model 'description' to semantic model 'description'.\n\t* Set model 'agg_time_dimension' to semantic model 'agg_time_dimension'.\n\t* Added new column 'location_id' with 'primary' entity.\n\t* Added new column 'location_name' with 'categorical' dimension.\n\t* Added new column 'opened_at' with 'time' dimension.\n\t* Added new simple metric 'average_tax_rate' from measure 'average_tax_rate' on semantic model 'locations'."}]}
{"mode": "applied", "file_path": "/private/var/folders/yj/7kyhyl8s3ql8bb1vjwkh_8pr0000gp/T/dbt_autofix_test_project_semantic_layer_tcwupu_b/project_semantic_layer/models/order_items.yml", "refactors": [{"deprecation": null, "log": "Model 'order_items' - Merged with semantic model 'order_item'.\n\t* Set model 'description' to semantic model 'description'.\n\t* Set model 'agg_time_dimension' to semantic model 'agg_time_dimension'.\n\t* Added 'primary' entity to column 'order_item_id'.\n\t* Added 'foreign' entity to column 'order_id'.\n\t* Added new column 'product_id' with 'foreign' entity.\n\t* Added new column 'ordered_at' with 'time' dimension.\n\t* Added new column 'is_food_item' with 'categorical' dimension.\n\t* Added new column 'is_drink_item' with 'categorical' dimension.\n\t* Added new simple metric 'revenue' from measure 'revenue' on semantic model 'order_items'.\n\t* Added new simple metric 'food_revenue' from measure 'food_revenue' on semantic model 'order_items'.\n\t* Added new simple metric 'drink_revenue' from measure 'drink_revenue' on semantic model 'order_items'.\n\t* Added new simple metric 'median_revenue' from measure 'median_revenue' on semantic model 'order_items'."}, {"deprecation": null, "log": "Deleted top-level 'semantic_models' definitions: 'order_item'."}]}
{"mode": "applied", "file_path": "/private/var/folders/yj/7kyhyl8s3ql8bb1vjwkh_8pr0000gp/T/dbt_autofix_test_project_semantic_layer_tcwupu_b/project_semantic_layer/models/order_items.yml", "refactors": [{"deprecation": null, "log": "Model 'order_items' - Merged with semantic model 'order_item'.\n\t* Set model 'description' to semantic model 'description'.\n\t* Set model 'agg_time_dimension' to semantic model 'agg_time_dimension'.\n\t* Added 'primary' entity to column 'order_item_id'.\n\t* Added 'foreign' entity to column 'order_id'.\n\t* Added new column 'product_id' with 'foreign' entity.\n\t* Added new column 'ordered_at' with 'time' dimension.\n\t* Added new column 'is_food_item' with 'categorical' dimension.\n\t* Added new column 'is_drink_item' with 'categorical' dimension.\n\t* Added new simple metric 'revenue' from measure 'revenue' on semantic model 'order_items'.\n\t* Added new simple metric 'food_revenue' from measure 'food_revenue' on semantic model 'order_items'.\n\t* Added new simple metric 'drink_revenue' from measure 'drink_revenue' on semantic model 'order_items'.\n\t* Added new simple metric 'median_revenue' from measure 'median_revenue' on semantic model 'order_items'."}, {"deprecation": null, "log": "Deleted top-level 'semantic_models' definitions: 'order_item'."}]}
{"mode": "applied", "file_path": "/private/var/folders/yj/7kyhyl8s3ql8bb1vjwkh_8pr0000gp/T/dbt_autofix_test_project_semantic_layer_tcwupu_b/project_semantic_layer/models/customers.yml", "refactors": [{"deprecation": null, "log": "Model 'customers' - Merged with semantic model 'customers'.\n\t* Appended semantic model 'description' to model 'description'.\n\t* Set model 'agg_time_dimension' to semantic model 'agg_time_dimension'.\n\t* Added 'primary' entity to column 'customer_id'.\n\t* Added 'categorical' dimension to column 'customer_name'.\n\t* Added 'categorical' dimension to column 'customer_type'.\n\t* Added 'time' dimension to column 'first_ordered_at'.\n\t* Added 'time' dimension to column 'last_ordered_at'.\n\t* Added new simple metric 'customers' from measure 'customers' on semantic model 'customers'.\n\t* Added new simple metric 'count_lifetime_orders' from measure 'count_lifetime_orders' on semantic model 'customers'.\n\t* Added new simple metric 'lifetime_spend_pretax' from measure 'lifetime_spend_pretax' on semantic model 'customers'.\n\t* Added new simple metric 'lifetime_spend' from measure 'lifetime_spend' on semantic model 'customers'."}, {"deprecation": null, "log": "Deleted top-level 'semantic_models' definitions: 'customers'."}]}
{"mode": "applied", "file_path": "/private/var/folders/yj/7kyhyl8s3ql8bb1vjwkh_8pr0000gp/T/dbt_autofix_test_project_semantic_layer_tcwupu_b/project_semantic_layer/models/customers.yml", "refactors": [{"deprecation": null, "log": "Model 'customers' - Merged with semantic model 'customers'.\n\t* Appended semantic model 'description' to model 'description'.\n\t* Set model 'agg_time_dimension' to semantic model 'agg_time_dimension'.\n\t* Added 'primary' entity to column 'customer_id'.\n\t* Added 'categorical' dimension to column 'customer_name'.\n\t* Added 'categorical' dimension to column 'customer_type'.\n\t* Added 'time' dimension to column 'first_ordered_at'.\n\t* Added 'time' dimension to column 'last_ordered_at'.\n\t* Added new simple metric 'customers' from measure 'customers' on semantic model 'customers'.\n\t* Added new simple metric 'count_lifetime_orders' from measure 'count_lifetime_orders' on semantic model 'customers'.\n\t* Added new simple metric 'lifetime_spend_pretax' from measure 'lifetime_spend_pretax' on semantic model 'customers'.\n\t* Added new simple metric 'lifetime_spend' from measure 'lifetime_spend' on semantic model 'customers'."}, {"deprecation": null, "log": "Deleted top-level 'semantic_models' definitions: 'customers'."}]}
{"mode": "applied", "file_path": "/private/var/folders/yj/7kyhyl8s3ql8bb1vjwkh_8pr0000gp/T/dbt_autofix_test_project_semantic_layer_tcwupu_b/project_semantic_layer/models/locations.yml", "refactors": [{"deprecation": null, "log": "Deleted top-level 'semantic_models' definitions: 'locations'."}]}
{"mode": "applied", "file_path": "/private/var/folders/yj/7kyhyl8s3ql8bb1vjwkh_8pr0000gp/T/dbt_autofix_test_project_semantic_layer_tcwupu_b/project_semantic_layer/models/locations.yml", "refactors": [{"deprecation": null, "log": "Deleted top-level 'semantic_models' definitions: 'locations'."}]}
{"mode": "applied", "file_path": "/private/var/folders/yj/7kyhyl8s3ql8bb1vjwkh_8pr0000gp/T/dbt_autofix_test_project_semantic_layer_tcwupu_b/project_semantic_layer/models/orders.yml", "refactors": [{"deprecation": null, "log": "Model 'orders' - Merged with semantic model 'orders'.\n\t* Appended semantic model 'description' to model 'description'.\n\t* Set model 'agg_time_dimension' to semantic model 'agg_time_dimension'.\n\t* Added 'primary' entity to column 'order_id'.\n\t* Added new column 'location_id' with 'foreign' entity.\n\t* Added 'foreign' entity to column 'customer_id'.\n\t* Added 'time' dimension to column 'ordered_at'.\n\t* Added new column 'order_total_dim' with 'categorical' dimension.\n\t* Added 'categorical' dimension to column 'is_food_order'.\n\t* Added 'categorical' dimension to column 'is_drink_order'.\n\t* Added new column 'customer_order_number' with 'categorical' dimension.\n\t* Added new simple metric 'order_total' from measure 'order_total' on semantic model 'orders'.\n\t* Added new simple metric 'order_count' from measure 'order_count' on semantic model 'orders'.\n\t* Added new simple metric 'tax_paid' from measure 'tax_paid' on semantic model 'orders'.\n\t* Added new simple metric 'order_cost' from measure 'order_cost' on semantic model 'orders'."}, {"deprecation": null, "log": "Deleted top-level 'semantic_models' definitions: 'orders'."}]}
{"mode": "applied", "file_path": "/private/var/folders/yj/7kyhyl8s3ql8bb1vjwkh_8pr0000gp/T/dbt_autofix_test_project_semantic_layer_tcwupu_b/project_semantic_layer/models/orders.yml", "refactors": [{"deprecation": null, "log": "Model 'orders' - Merged with semantic model 'orders'.\n\t* Appended semantic model 'description' to model 'description'.\n\t* Set model 'agg_time_dimension' to semantic model 'agg_time_dimension'.\n\t* Added 'primary' entity to column 'order_id'.\n\t* Added new column 'location_id' with 'foreign' entity.\n\t* Added 'foreign' entity to column 'customer_id'.\n\t* Added 'time' dimension to column 'ordered_at'.\n\t* Added new column 'order_total_dim' with 'categorical' dimension.\n\t* Added 'categorical' dimension to column 'is_food_order'.\n\t* Added 'categorical' dimension to column 'is_drink_order'.\n\t* Added new column 'customer_order_number' with 'categorical' dimension.\n\t* Added new simple metric 'order_total' from measure 'order_total' on semantic model 'orders'.\n\t* Added new simple metric 'order_count' from measure 'order_count' on semantic model 'orders'.\n\t* Added new simple metric 'tax_paid' from measure 'tax_paid' on semantic model 'orders'.\n\t* Added new simple metric 'order_cost' from measure 'order_cost' on semantic model 'orders'."}, {"deprecation": null, "log": "Deleted top-level 'semantic_models' definitions: 'orders'."}]}
{"mode": "complete"}
