{"mode": "applied", "file_path": "/private/var/folders/_s/hpcbqv5x7s35xkjp9rzz_xvc0000gn/T/dbt_autofix_test_project_behavior_changes_7wykppiv/project_behavior_changes/models/example/schema.yml", "refactors": [{"deprecation": "ResourceNamesWithSpacesDeprecation", "log": "Model 'model with spaces - Updated 'name' from 'model with spaces' to 'model_with_spaces'."}, {"deprecation": "ExposureNameDeprecation", "log": "Exposure 'exposure with spaces - Updated 'name' from 'exposure with spaces' to 'exposure_with_spaces'."}]}
{"mode": "applied", "file_path": "/var/folders/_s/hpcbqv5x7s35xkjp9rzz_xvc0000gn/T/dbt_autofix_test_project_behavior_changes_7wykppiv/project_behavior_changes/dbt_project.yml", "refactors": [{"deprecation": "ConfigTargetPathDeprecation", "log": "Removed the deprecated field 'target-path'"}]}
{"mode": "applied", "file_path": "/private/var/folders/_s/hpcbqv5x7s35xkjp9rzz_xvc0000gn/T/dbt_autofix_test_project_behavior_changes_7wykppiv/project_behavior_changes/models/example/model with spaces.sql", "refactors": [{"deprecation": "ResourceNamesWithSpacesDeprecation", "log": "Renamed 'model with spaces.sql' to 'model_with_spaces.sql'"}]}
