{"mode": "applied", "file_path": "/private/var/folders/k6/gtt07v8j2vn51m_z05xk_fjc0000gp/T/dbt_autofix_test_project1_eqxcnlfi/project1/models/example/yml_with_dupes.yml", "refactors": [{"rule_name": "remove_duplicate_keys", "deprecation_refactors": [{"deprecation": "DuplicateYAMLKeysDeprecation", "log": "Found duplicate keys: line 4 - duplication of key \"description\" in mapping"}]}]}
{"mode": "applied", "file_path": "/private/var/folders/k6/gtt07v8j2vn51m_z05xk_fjc0000gp/T/dbt_autofix_test_project1_eqxcnlfi/project1/models/example/yml_with_anchors.yml", "refactors": [{"rule_name": "removed_extra_indentation", "deprecation_refactors": [{"deprecation": null, "log": "Removed the extra indentation around 'version: 2' on line 1"}]}, {"rule_name": "restructure_yaml_keys", "deprecation_refactors": [{"deprecation": "CustomKeyInConfigDeprecation", "log": "Model 'my_first_dbt_model' - Field 'my_config' is not allowed, but 'config' is. Moved as-is under config.meta but you might want to rename it and move it under config."}, {"deprecation": "CustomKeyInConfigDeprecation", "log": "Column 'id' - Field 'my_config' is not allowed, but 'config' is. Moved as-is under config.meta but you might want to rename it and move it under config."}, {"deprecation": "CustomKeyInConfigDeprecation", "log": "Column 'id' - Moved all the meta fields under config.meta and merged with existing config.meta."}, {"deprecation": "CustomKeyInConfigDeprecation", "log": "Test 'not_null' - Field 'where' moved under config."}]}]}
{"mode": "applied", "file_path": "/private/var/folders/k6/gtt07v8j2vn51m_z05xk_fjc0000gp/T/dbt_autofix_test_project1_eqxcnlfi/project1/models/example/sources.yml", "refactors": [{"rule_name": "remove_tab_only_lines", "deprecation_refactors": [{"deprecation": null, "log": "Removed line containing only tabs on line 70"}]}, {"rule_name": "restructure_yaml_keys", "deprecation_refactors": [{"deprecation": "CustomKeyInConfigDeprecation", "log": "Source 'my-source' - Field 'tags' moved under config."}, {"deprecation": "CustomKeyInConfigDeprecation", "log": "Source 'my-source' - Field 'freshness' moved under config."}, {"deprecation": "CustomKeyInConfigDeprecation", "log": "Source 'my-source' - Moved all the meta fields under config.meta and merged with existing config.meta."}, {"deprecation": "CustomKeyInConfigDeprecation", "log": "Table 'table1' - Field 'loaded_at_field' moved under config."}, {"deprecation": "CustomKeyInConfigDeprecation", "log": "Table 'table1' - Field 'tags' moved under config."}, {"deprecation": "CustomKeyInConfigDeprecation", "log": "Table 'table1' - Field 'freshness' moved under config."}, {"deprecation": "CustomKeyInConfigDeprecation", "log": "Table 'table1' - Moved all the meta fields under config.meta and merged with existing config.meta."}, {"deprecation": "CustomKeyInConfigDeprecation", "log": "Column 'col1' - Moved all the meta fields under config.meta and merged with existing config.meta."}, {"deprecation": "CustomKeyInConfigDeprecation", "log": "Test 'unique' - Field 'where' moved under config."}]}]}
{"mode": "applied", "file_path": "/private/var/folders/k6/gtt07v8j2vn51m_z05xk_fjc0000gp/T/dbt_autofix_test_project1_eqxcnlfi/project1/models/example/yml_with_tabs.yml", "refactors": [{"rule_name": "remove_extra_tabs", "deprecation_refactors": [{"deprecation": null, "log": "Found extra tabs: line 5 - column 21"}]}]}
{"mode": "applied", "file_path": "/var/folders/k6/gtt07v8j2vn51m_z05xk_fjc0000gp/T/dbt_autofix_test_project1_eqxcnlfi/project1/dbt_project.yml", "refactors": [{"rule_name": "remove_deprecated_config", "deprecation_refactors": [{"deprecation": "ConfigTargetPathDeprecation", "log": "Removed the deprecated field 'target-path'"}]}, {"rule_name": "prefix_plus_for_config", "deprecation_refactors": [{"deprecation": "GenericJSONSchemaValidationDeprecation", "log": "Added '+' in front of the nested config 'materialized'"}]}]}
